// Jest Snapshot v1, https://goo.gl/fbAQLP

exports[`renders correctly 1`] = `
<div>
  <span>
    0
  </span>
  <button
    onClick={[Function]}
  >
    count++
  </button>
</div>
`;
